// Jest Snapshot v1, https://goo.gl/fbAQLP

exports[`pruebas en el gifCard Debe hacer match con el snapshot 1`] = `
<div>
  <div
    class="card"
  >
    <img
      alt="titulo"
      src="https://github.com/"
    />
    <p>
      titulo
    </p>
  </div>
</div>
`;
